Archive member included to satisfy reference by file (symbol)

c:/st/stm32cubeide_1.12.0/stm32cubeide/plugins/com.st.stm32cube.ide.mcu.externaltools.gnu-tools-for-stm32.10.3-2021.10.win32_1.0.200.202301161003/tools/bin/../lib/gcc/arm-none-eabi/10.3.1/../../../../arm-none-eabi/lib/thumb/v7e-m+fp/hard\libc_nano.a(lib_a-errno.o)
                              ./Src/syscalls.o (__errno)
c:/st/stm32cubeide_1.12.0/stm32cubeide/plugins/com.st.stm32cube.ide.mcu.externaltools.gnu-tools-for-stm32.10.3-2021.10.win32_1.0.200.202301161003/tools/bin/../lib/gcc/arm-none-eabi/10.3.1/../../../../arm-none-eabi/lib/thumb/v7e-m+fp/hard\libc_nano.a(lib_a-exit.o)
                              c:/st/stm32cubeide_1.12.0/stm32cubeide/plugins/com.st.stm32cube.ide.mcu.externaltools.gnu-tools-for-stm32.10.3-2021.10.win32_1.0.200.202301161003/tools/bin/../lib/gcc/arm-none-eabi/10.3.1/../../../../arm-none-eabi/lib/thumb/v7e-m+fp/hard/crt0.o (exit)
c:/st/stm32cubeide_1.12.0/stm32cubeide/plugins/com.st.stm32cube.ide.mcu.externaltools.gnu-tools-for-stm32.10.3-2021.10.win32_1.0.200.202301161003/tools/bin/../lib/gcc/arm-none-eabi/10.3.1/../../../../arm-none-eabi/lib/thumb/v7e-m+fp/hard\libc_nano.a(lib_a-impure.o)
                              c:/st/stm32cubeide_1.12.0/stm32cubeide/plugins/com.st.stm32cube.ide.mcu.externaltools.gnu-tools-for-stm32.10.3-2021.10.win32_1.0.200.202301161003/tools/bin/../lib/gcc/arm-none-eabi/10.3.1/../../../../arm-none-eabi/lib/thumb/v7e-m+fp/hard\libc_nano.a(lib_a-exit.o) (_global_impure_ptr)
c:/st/stm32cubeide_1.12.0/stm32cubeide/plugins/com.st.stm32cube.ide.mcu.externaltools.gnu-tools-for-stm32.10.3-2021.10.win32_1.0.200.202301161003/tools/bin/../lib/gcc/arm-none-eabi/10.3.1/../../../../arm-none-eabi/lib/thumb/v7e-m+fp/hard\libc_nano.a(lib_a-init.o)
                              c:/st/stm32cubeide_1.12.0/stm32cubeide/plugins/com.st.stm32cube.ide.mcu.externaltools.gnu-tools-for-stm32.10.3-2021.10.win32_1.0.200.202301161003/tools/bin/../lib/gcc/arm-none-eabi/10.3.1/../../../../arm-none-eabi/lib/thumb/v7e-m+fp/hard/crt0.o (__libc_init_array)
c:/st/stm32cubeide_1.12.0/stm32cubeide/plugins/com.st.stm32cube.ide.mcu.externaltools.gnu-tools-for-stm32.10.3-2021.10.win32_1.0.200.202301161003/tools/bin/../lib/gcc/arm-none-eabi/10.3.1/../../../../arm-none-eabi/lib/thumb/v7e-m+fp/hard\libc_nano.a(lib_a-memset.o)
                              c:/st/stm32cubeide_1.12.0/stm32cubeide/plugins/com.st.stm32cube.ide.mcu.externaltools.gnu-tools-for-stm32.10.3-2021.10.win32_1.0.200.202301161003/tools/bin/../lib/gcc/arm-none-eabi/10.3.1/../../../../arm-none-eabi/lib/thumb/v7e-m+fp/hard/crt0.o (memset)

Discarded input sections

 .text          0x0000000000000000        0x0 c:/st/stm32cubeide_1.12.0/stm32cubeide/plugins/com.st.stm32cube.ide.mcu.externaltools.gnu-tools-for-stm32.10.3-2021.10.win32_1.0.200.202301161003/tools/bin/../lib/gcc/arm-none-eabi/10.3.1/thumb/v7e-m+fp/hard/crti.o
 .data          0x0000000000000000        0x0 c:/st/stm32cubeide_1.12.0/stm32cubeide/plugins/com.st.stm32cube.ide.mcu.externaltools.gnu-tools-for-stm32.10.3-2021.10.win32_1.0.200.202301161003/tools/bin/../lib/gcc/arm-none-eabi/10.3.1/thumb/v7e-m+fp/hard/crti.o
 .bss           0x0000000000000000        0x0 c:/st/stm32cubeide_1.12.0/stm32cubeide/plugins/com.st.stm32cube.ide.mcu.externaltools.gnu-tools-for-stm32.10.3-2021.10.win32_1.0.200.202301161003/tools/bin/../lib/gcc/arm-none-eabi/10.3.1/thumb/v7e-m+fp/hard/crti.o
 .data          0x0000000000000000        0x4 c:/st/stm32cubeide_1.12.0/stm32cubeide/plugins/com.st.stm32cube.ide.mcu.externaltools.gnu-tools-for-stm32.10.3-2021.10.win32_1.0.200.202301161003/tools/bin/../lib/gcc/arm-none-eabi/10.3.1/thumb/v7e-m+fp/hard/crtbegin.o
 .rodata        0x0000000000000000       0x24 c:/st/stm32cubeide_1.12.0/stm32cubeide/plugins/com.st.stm32cube.ide.mcu.externaltools.gnu-tools-for-stm32.10.3-2021.10.win32_1.0.200.202301161003/tools/bin/../lib/gcc/arm-none-eabi/10.3.1/thumb/v7e-m+fp/hard/crtbegin.o
 .text          0x0000000000000000       0x7c c:/st/stm32cubeide_1.12.0/stm32cubeide/plugins/com.st.stm32cube.ide.mcu.externaltools.gnu-tools-for-stm32.10.3-2021.10.win32_1.0.200.202301161003/tools/bin/../lib/gcc/arm-none-eabi/10.3.1/../../../../arm-none-eabi/lib/thumb/v7e-m+fp/hard/crt0.o
 .data          0x0000000000000000        0x0 c:/st/stm32cubeide_1.12.0/stm32cubeide/plugins/com.st.stm32cube.ide.mcu.externaltools.gnu-tools-for-stm32.10.3-2021.10.win32_1.0.200.202301161003/tools/bin/../lib/gcc/arm-none-eabi/10.3.1/../../../../arm-none-eabi/lib/thumb/v7e-m+fp/hard/crt0.o
 .bss           0x0000000000000000        0x0 c:/st/stm32cubeide_1.12.0/stm32cubeide/plugins/com.st.stm32cube.ide.mcu.externaltools.gnu-tools-for-stm32.10.3-2021.10.win32_1.0.200.202301161003/tools/bin/../lib/gcc/arm-none-eabi/10.3.1/../../../../arm-none-eabi/lib/thumb/v7e-m+fp/hard/crt0.o
 .ARM.extab     0x0000000000000000        0x0 c:/st/stm32cubeide_1.12.0/stm32cubeide/plugins/com.st.stm32cube.ide.mcu.externaltools.gnu-tools-for-stm32.10.3-2021.10.win32_1.0.200.202301161003/tools/bin/../lib/gcc/arm-none-eabi/10.3.1/../../../../arm-none-eabi/lib/thumb/v7e-m+fp/hard/crt0.o
 .ARM.exidx     0x0000000000000000       0x10 c:/st/stm32cubeide_1.12.0/stm32cubeide/plugins/com.st.stm32cube.ide.mcu.externaltools.gnu-tools-for-stm32.10.3-2021.10.win32_1.0.200.202301161003/tools/bin/../lib/gcc/arm-none-eabi/10.3.1/../../../../arm-none-eabi/lib/thumb/v7e-m+fp/hard/crt0.o
 .ARM.attributes
                0x0000000000000000       0x1c c:/st/stm32cubeide_1.12.0/stm32cubeide/plugins/com.st.stm32cube.ide.mcu.externaltools.gnu-tools-for-stm32.10.3-2021.10.win32_1.0.200.202301161003/tools/bin/../lib/gcc/arm-none-eabi/10.3.1/../../../../arm-none-eabi/lib/thumb/v7e-m+fp/hard/crt0.o
 .group         0x0000000000000000        0xc ./Inc/HAL/RTC/RTC_program.o
 .group         0x0000000000000000        0xc ./Inc/HAL/RTC/RTC_program.o
 .group         0x0000000000000000        0xc ./Inc/HAL/RTC/RTC_program.o
 .group         0x0000000000000000        0xc ./Inc/HAL/RTC/RTC_program.o
 .group         0x0000000000000000        0xc ./Inc/HAL/RTC/RTC_program.o
 .group         0x0000000000000000        0xc ./Inc/HAL/RTC/RTC_program.o
 .group         0x0000000000000000        0xc ./Inc/HAL/RTC/RTC_program.o
 .group         0x0000000000000000        0xc ./Inc/HAL/RTC/RTC_program.o
 .text          0x0000000000000000        0x0 ./Inc/HAL/RTC/RTC_program.o
 .data          0x0000000000000000        0x0 ./Inc/HAL/RTC/RTC_program.o
 .bss           0x0000000000000000        0x0 ./Inc/HAL/RTC/RTC_program.o
 .debug_info    0x0000000000000000       0x68 ./Inc/HAL/RTC/RTC_program.o
 .debug_abbrev  0x0000000000000000       0x29 ./Inc/HAL/RTC/RTC_program.o
 .debug_aranges
                0x0000000000000000       0x18 ./Inc/HAL/RTC/RTC_program.o
 .debug_macro   0x0000000000000000       0x80 ./Inc/HAL/RTC/RTC_program.o
 .debug_macro   0x0000000000000000      0xa84 ./Inc/HAL/RTC/RTC_program.o
 .debug_macro   0x0000000000000000       0x22 ./Inc/HAL/RTC/RTC_program.o
 .debug_macro   0x0000000000000000       0x8e ./Inc/HAL/RTC/RTC_program.o
 .debug_macro   0x0000000000000000       0x51 ./Inc/HAL/RTC/RTC_program.o
 .debug_macro   0x0000000000000000      0x103 ./Inc/HAL/RTC/RTC_program.o
 .debug_macro   0x0000000000000000       0x6a ./Inc/HAL/RTC/RTC_program.o
 .debug_macro   0x0000000000000000      0x1df ./Inc/HAL/RTC/RTC_program.o
 .debug_macro   0x0000000000000000       0x52 ./Inc/HAL/RTC/RTC_program.o
 .debug_line    0x0000000000000000      0x3ad ./Inc/HAL/RTC/RTC_program.o
 .debug_str     0x0000000000000000     0x3d70 ./Inc/HAL/RTC/RTC_program.o
 .comment       0x0000000000000000       0x51 ./Inc/HAL/RTC/RTC_program.o
 .ARM.attributes
                0x0000000000000000       0x34 ./Inc/HAL/RTC/RTC_program.o
 .group         0x0000000000000000        0xc ./Inc/MCAL/GPIO/GPIO_program.o
 .group         0x0000000000000000        0xc ./Inc/MCAL/GPIO/GPIO_program.o
 .group         0x0000000000000000        0xc ./Inc/MCAL/GPIO/GPIO_program.o
 .group         0x0000000000000000        0xc ./Inc/MCAL/GPIO/GPIO_program.o
 .group         0x0000000000000000        0xc ./Inc/MCAL/GPIO/GPIO_program.o
 .group         0x0000000000000000        0xc ./Inc/MCAL/GPIO/GPIO_program.o
 .group         0x0000000000000000        0xc ./Inc/MCAL/GPIO/GPIO_program.o
 .group         0x0000000000000000        0xc ./Inc/MCAL/GPIO/GPIO_program.o
 .group         0x0000000000000000        0xc ./Inc/MCAL/GPIO/GPIO_program.o
 .group         0x0000000000000000        0xc ./Inc/MCAL/GPIO/GPIO_program.o
 .group         0x0000000000000000        0xc ./Inc/MCAL/GPIO/GPIO_program.o
 .group         0x0000000000000000        0xc ./Inc/MCAL/GPIO/GPIO_program.o
 .group         0x0000000000000000        0xc ./Inc/MCAL/GPIO/GPIO_program.o
 .group         0x0000000000000000        0xc ./Inc/MCAL/GPIO/GPIO_program.o
 .group         0x0000000000000000        0xc ./Inc/MCAL/GPIO/GPIO_program.o
 .group         0x0000000000000000        0xc ./Inc/MCAL/GPIO/GPIO_program.o
 .group         0x0000000000000000        0xc ./Inc/MCAL/GPIO/GPIO_program.o
 .group         0x0000000000000000        0xc ./Inc/MCAL/GPIO/GPIO_program.o
 .group         0x0000000000000000        0xc ./Inc/MCAL/GPIO/GPIO_program.o
 .group         0x0000000000000000        0xc ./Inc/MCAL/GPIO/GPIO_program.o
 .group         0x0000000000000000        0xc ./Inc/MCAL/GPIO/GPIO_program.o
 .group         0x0000000000000000        0xc ./Inc/MCAL/GPIO/GPIO_program.o
 .group         0x0000000000000000        0xc ./Inc/MCAL/GPIO/GPIO_program.o
 .group         0x0000000000000000        0xc ./Inc/MCAL/GPIO/GPIO_program.o
 .group         0x0000000000000000        0xc ./Inc/MCAL/GPIO/GPIO_program.o
 .group         0x0000000000000000        0xc ./Inc/MCAL/GPIO/GPIO_program.o
 .group         0x0000000000000000        0xc ./Inc/MCAL/GPIO/GPIO_program.o
 .group         0x0000000000000000        0xc ./Inc/MCAL/GPIO/GPIO_program.o
 .group         0x0000000000000000        0xc ./Inc/MCAL/GPIO/GPIO_program.o
 .group         0x0000000000000000        0xc ./Inc/MCAL/GPIO/GPIO_program.o
 .group         0x0000000000000000        0xc ./Inc/MCAL/GPIO/GPIO_program.o
 .group         0x0000000000000000        0xc ./Inc/MCAL/GPIO/GPIO_program.o
 .group         0x0000000000000000        0xc ./Inc/MCAL/GPIO/GPIO_program.o
 .group         0x0000000000000000        0xc ./Inc/MCAL/GPIO/GPIO_program.o
 .group         0x0000000000000000        0xc ./Inc/MCAL/GPIO/GPIO_program.o
 .group         0x0000000000000000        0xc ./Inc/MCAL/GPIO/GPIO_program.o
 .group         0x0000000000000000        0xc ./Inc/MCAL/GPIO/GPIO_program.o
 .group         0x0000000000000000        0xc ./Inc/MCAL/GPIO/GPIO_program.o
 .group         0x0000000000000000        0xc ./Inc/MCAL/GPIO/GPIO_program.o
 .text          0x0000000000000000        0x0 ./Inc/MCAL/GPIO/GPIO_program.o
 .data          0x0000000000000000        0x0 ./Inc/MCAL/GPIO/GPIO_program.o
 .bss           0x0000000000000000        0x0 ./Inc/MCAL/GPIO/GPIO_program.o
 .text.GPIO_u8TogglePinValue
                0x0000000000000000       0x58 ./Inc/MCAL/GPIO/GPIO_program.o
 .text.GPIO_u8ReadPinValue
                0x0000000000000000       0x54 ./Inc/MCAL/GPIO/GPIO_program.o
 .debug_macro   0x0000000000000000      0xa84 ./Inc/MCAL/GPIO/GPIO_program.o
 .debug_macro   0x0000000000000000       0x22 ./Inc/MCAL/GPIO/GPIO_program.o
 .debug_macro   0x0000000000000000       0x6a ./Inc/MCAL/GPIO/GPIO_program.o
 .debug_macro   0x0000000000000000      0x103 ./Inc/MCAL/GPIO/GPIO_program.o
 .debug_macro   0x0000000000000000      0x1df ./Inc/MCAL/GPIO/GPIO_program.o
 .group         0x0000000000000000        0xc ./Inc/MCAL/RCC/Src/RCC_prog.o
 .group         0x0000000000000000        0xc ./Inc/MCAL/RCC/Src/RCC_prog.o
 .group         0x0000000000000000        0xc ./Inc/MCAL/RCC/Src/RCC_prog.o
 .group         0x0000000000000000        0xc ./Inc/MCAL/RCC/Src/RCC_prog.o
 .group         0x0000000000000000        0xc ./Inc/MCAL/RCC/Src/RCC_prog.o
 .group         0x0000000000000000        0xc ./Inc/MCAL/RCC/Src/RCC_prog.o
 .group         0x0000000000000000        0xc ./Inc/MCAL/RCC/Src/RCC_prog.o
 .group         0x0000000000000000        0xc ./Inc/MCAL/RCC/Src/RCC_prog.o
 .group         0x0000000000000000        0xc ./Inc/MCAL/RCC/Src/RCC_prog.o
 .group         0x0000000000000000        0xc ./Inc/MCAL/RCC/Src/RCC_prog.o
 .group         0x0000000000000000        0xc ./Inc/MCAL/RCC/Src/RCC_prog.o
 .text          0x0000000000000000        0x0 ./Inc/MCAL/RCC/Src/RCC_prog.o
 .data          0x0000000000000000        0x0 ./Inc/MCAL/RCC/Src/RCC_prog.o
 .bss           0x0000000000000000        0x0 ./Inc/MCAL/RCC/Src/RCC_prog.o
 .text.RCC_Enable_HSI
                0x0000000000000000       0x70 ./Inc/MCAL/RCC/Src/RCC_prog.o
 .text.RCC_Enable_HSE
                0x0000000000000000       0x74 ./Inc/MCAL/RCC/Src/RCC_prog.o
 .text.RCC_Enable_PLL
                0x0000000000000000      0x138 ./Inc/MCAL/RCC/Src/RCC_prog.o
 .text.AHP_Prescaler
                0x0000000000000000       0x4c ./Inc/MCAL/RCC/Src/RCC_prog.o
 .text.APB1_Prescaler
                0x0000000000000000       0x4c ./Inc/MCAL/RCC/Src/RCC_prog.o
 .text.APB2_Prescaler
                0x0000000000000000       0x4c ./Inc/MCAL/RCC/Src/RCC_prog.o
 .text.RCC_Disable_Peripheral
                0x0000000000000000       0xc4 ./Inc/MCAL/RCC/Src/RCC_prog.o
 .text.RCC_Config
                0x0000000000000000       0x7c ./Inc/MCAL/RCC/Src/RCC_prog.o
 .debug_macro   0x0000000000000000      0xa84 ./Inc/MCAL/RCC/Src/RCC_prog.o
 .debug_macro   0x0000000000000000       0x22 ./Inc/MCAL/RCC/Src/RCC_prog.o
 .debug_macro   0x0000000000000000       0x8e ./Inc/MCAL/RCC/Src/RCC_prog.o
 .debug_macro   0x0000000000000000       0x51 ./Inc/MCAL/RCC/Src/RCC_prog.o
 .debug_macro   0x0000000000000000      0x103 ./Inc/MCAL/RCC/Src/RCC_prog.o
 .debug_macro   0x0000000000000000       0x6a ./Inc/MCAL/RCC/Src/RCC_prog.o
 .debug_macro   0x0000000000000000      0x1df ./Inc/MCAL/RCC/Src/RCC_prog.o
 .debug_macro   0x0000000000000000       0xe8 ./Inc/MCAL/RCC/Src/RCC_prog.o
 .group         0x0000000000000000        0xc ./Inc/MCAL/SYSTICK/src/SysTick_prog.o
 .group         0x0000000000000000        0xc ./Inc/MCAL/SYSTICK/src/SysTick_prog.o
 .group         0x0000000000000000        0xc ./Inc/MCAL/SYSTICK/src/SysTick_prog.o
 .group         0x0000000000000000        0xc ./Inc/MCAL/SYSTICK/src/SysTick_prog.o
 .group         0x0000000000000000        0xc ./Inc/MCAL/SYSTICK/src/SysTick_prog.o
 .group         0x0000000000000000        0xc ./Inc/MCAL/SYSTICK/src/SysTick_prog.o
 .group         0x0000000000000000        0xc ./Inc/MCAL/SYSTICK/src/SysTick_prog.o
 .group         0x0000000000000000        0xc ./Inc/MCAL/SYSTICK/src/SysTick_prog.o
 .group         0x0000000000000000        0xc ./Inc/MCAL/SYSTICK/src/SysTick_prog.o
 .group         0x0000000000000000        0xc ./Inc/MCAL/SYSTICK/src/SysTick_prog.o
 .text          0x0000000000000000        0x0 ./Inc/MCAL/SYSTICK/src/SysTick_prog.o
 .data          0x0000000000000000        0x0 ./Inc/MCAL/SYSTICK/src/SysTick_prog.o
 .bss           0x0000000000000000        0x0 ./Inc/MCAL/SYSTICK/src/SysTick_prog.o
 .text.STK_Delay_us
                0x0000000000000000       0x5c ./Inc/MCAL/SYSTICK/src/SysTick_prog.o
 .text.pulling_Delay_ms
                0x0000000000000000       0x34 ./Inc/MCAL/SYSTICK/src/SysTick_prog.o
 .debug_macro   0x0000000000000000      0xa84 ./Inc/MCAL/SYSTICK/src/SysTick_prog.o
 .debug_macro   0x0000000000000000       0x22 ./Inc/MCAL/SYSTICK/src/SysTick_prog.o
 .debug_macro   0x0000000000000000       0x8e ./Inc/MCAL/SYSTICK/src/SysTick_prog.o
 .debug_macro   0x0000000000000000       0x51 ./Inc/MCAL/SYSTICK/src/SysTick_prog.o
 .debug_macro   0x0000000000000000      0x103 ./Inc/MCAL/SYSTICK/src/SysTick_prog.o
 .debug_macro   0x0000000000000000       0x6a ./Inc/MCAL/SYSTICK/src/SysTick_prog.o
 .debug_macro   0x0000000000000000      0x1df ./Inc/MCAL/SYSTICK/src/SysTick_prog.o
 .debug_macro   0x0000000000000000       0xe8 ./Inc/MCAL/SYSTICK/src/SysTick_prog.o
 .debug_macro   0x0000000000000000      0x167 ./Inc/MCAL/SYSTICK/src/SysTick_prog.o
 .debug_macro   0x0000000000000000       0x22 ./Inc/MCAL/SYSTICK/src/SysTick_prog.o
 .group         0x0000000000000000        0xc ./Src/main.o
 .group         0x0000000000000000        0xc ./Src/main.o
 .group         0x0000000000000000        0xc ./Src/main.o
 .group         0x0000000000000000        0xc ./Src/main.o
 .group         0x0000000000000000        0xc ./Src/main.o
 .group         0x0000000000000000        0xc ./Src/main.o
 .group         0x0000000000000000        0xc ./Src/main.o
 .group         0x0000000000000000        0xc ./Src/main.o
 .group         0x0000000000000000        0xc ./Src/main.o
 .text          0x0000000000000000        0x0 ./Src/main.o
 .data          0x0000000000000000        0x0 ./Src/main.o
 .bss           0x0000000000000000        0x0 ./Src/main.o
 .debug_macro   0x0000000000000000      0xa84 ./Src/main.o
 .debug_macro   0x0000000000000000       0x22 ./Src/main.o
 .debug_macro   0x0000000000000000       0x8e ./Src/main.o
 .debug_macro   0x0000000000000000       0x51 ./Src/main.o
 .debug_macro   0x0000000000000000      0x103 ./Src/main.o
 .debug_macro   0x0000000000000000       0x6a ./Src/main.o
 .debug_macro   0x0000000000000000      0x1df ./Src/main.o
 .debug_macro   0x0000000000000000       0x76 ./Src/main.o
 .debug_macro   0x0000000000000000       0x58 ./Src/main.o
 .group         0x0000000000000000        0xc ./Src/syscalls.o
 .group         0x0000000000000000        0xc ./Src/syscalls.o
 .group         0x0000000000000000        0xc ./Src/syscalls.o
 .group         0x0000000000000000        0xc ./Src/syscalls.o
 .group         0x0000000000000000        0xc ./Src/syscalls.o
 .group         0x0000000000000000        0xc ./Src/syscalls.o
 .group         0x0000000000000000        0xc ./Src/syscalls.o
 .group         0x0000000000000000        0xc ./Src/syscalls.o
 .group         0x0000000000000000        0xc ./Src/syscalls.o
 .group         0x0000000000000000        0xc ./Src/syscalls.o
 .group         0x0000000000000000        0xc ./Src/syscalls.o
 .group         0x0000000000000000        0xc ./Src/syscalls.o
 .group         0x0000000000000000        0xc ./Src/syscalls.o
 .group         0x0000000000000000        0xc ./Src/syscalls.o
 .group         0x0000000000000000        0xc ./Src/syscalls.o
 .group         0x0000000000000000        0xc ./Src/syscalls.o
 .group         0x0000000000000000        0xc ./Src/syscalls.o
 .group         0x0000000000000000        0xc ./Src/syscalls.o
 .group         0x0000000000000000        0xc ./Src/syscalls.o
 .group         0x0000000000000000        0xc ./Src/syscalls.o
 .group         0x0000000000000000        0xc ./Src/syscalls.o
 .group         0x0000000000000000        0xc ./Src/syscalls.o
 .group         0x0000000000000000        0xc ./Src/syscalls.o
 .group         0x0000000000000000        0xc ./Src/syscalls.o
 .group         0x0000000000000000        0xc ./Src/syscalls.o
 .group         0x0000000000000000        0xc ./Src/syscalls.o
 .group         0x0000000000000000        0xc ./Src/syscalls.o
 .group         0x0000000000000000        0xc ./Src/syscalls.o
 .group         0x0000000000000000        0xc ./Src/syscalls.o
 .group         0x0000000000000000        0xc ./Src/syscalls.o
 .group         0x0000000000000000        0xc ./Src/syscalls.o
 .group         0x0000000000000000        0xc ./Src/syscalls.o
 .group         0x0000000000000000        0xc ./Src/syscalls.o
 .group         0x0000000000000000        0xc ./Src/syscalls.o
 .group         0x0000000000000000        0xc ./Src/syscalls.o
 .group         0x0000000000000000        0xc ./Src/syscalls.o
 .group         0x0000000000000000        0xc ./Src/syscalls.o
 .group         0x0000000000000000        0xc ./Src/syscalls.o
 .group         0x0000000000000000        0xc ./Src/syscalls.o
 .group         0x0000000000000000        0xc ./Src/syscalls.o
 .group         0x0000000000000000        0xc ./Src/syscalls.o
 .group         0x0000000000000000        0xc ./Src/syscalls.o
 .group         0x0000000000000000        0xc ./Src/syscalls.o
 .group         0x0000000000000000        0xc ./Src/syscalls.o
 .group         0x0000000000000000        0xc ./Src/syscalls.o
 .group         0x0000000000000000        0xc ./Src/syscalls.o
 .group         0x0000000000000000        0xc ./Src/syscalls.o
 .text          0x0000000000000000        0x0 ./Src/syscalls.o
 .data          0x0000000000000000        0x0 ./Src/syscalls.o
 .bss           0x0000000000000000        0x0 ./Src/syscalls.o
 .bss.__env     0x0000000000000000        0x4 ./Src/syscalls.o
 .data.environ  0x0000000000000000        0x4 ./Src/syscalls.o
 .text.initialise_monitor_handles
                0x0000000000000000        0xe ./Src/syscalls.o
 .text._getpid  0x0000000000000000       0x10 ./Src/syscalls.o
 .text._kill    0x0000000000000000       0x20 ./Src/syscalls.o
 .text._exit    0x0000000000000000       0x14 ./Src/syscalls.o
 .text._read    0x0000000000000000       0x3a ./Src/syscalls.o
 .text._write   0x0000000000000000       0x38 ./Src/syscalls.o
 .text._close   0x0000000000000000       0x18 ./Src/syscalls.o
 .text._fstat   0x0000000000000000       0x20 ./Src/syscalls.o
 .text._isatty  0x0000000000000000       0x16 ./Src/syscalls.o
 .text._lseek   0x0000000000000000       0x1a ./Src/syscalls.o
 .text._open    0x0000000000000000       0x1c ./Src/syscalls.o
 .text._wait    0x0000000000000000       0x1e ./Src/syscalls.o
 .text._unlink  0x0000000000000000       0x1e ./Src/syscalls.o
 .text._times   0x0000000000000000       0x18 ./Src/syscalls.o
 .text._stat    0x0000000000000000       0x20 ./Src/syscalls.o
 .text._link    0x0000000000000000       0x20 ./Src/syscalls.o
 .text._fork    0x0000000000000000       0x16 ./Src/syscalls.o
 .text._execve  0x0000000000000000       0x22 ./Src/syscalls.o
 .debug_info    0x0000000000000000      0x6e0 ./Src/syscalls.o
 .debug_abbrev  0x0000000000000000      0x1b3 ./Src/syscalls.o
 .debug_aranges
                0x0000000000000000       0xa8 ./Src/syscalls.o
 .debug_ranges  0x0000000000000000       0x98 ./Src/syscalls.o
 .debug_macro   0x0000000000000000      0x24c ./Src/syscalls.o
 .debug_macro   0x0000000000000000      0xa84 ./Src/syscalls.o
 .debug_macro   0x0000000000000000       0x22 ./Src/syscalls.o
 .debug_macro   0x0000000000000000       0x4c ./Src/syscalls.o
 .debug_macro   0x0000000000000000       0x1e ./Src/syscalls.o
 .debug_macro   0x0000000000000000       0x94 ./Src/syscalls.o
 .debug_macro   0x0000000000000000       0x3c ./Src/syscalls.o
 .debug_macro   0x0000000000000000       0x34 ./Src/syscalls.o
 .debug_macro   0x0000000000000000       0x57 ./Src/syscalls.o
 .debug_macro   0x0000000000000000      0x174 ./Src/syscalls.o
 .debug_macro   0x0000000000000000      0x341 ./Src/syscalls.o
 .debug_macro   0x0000000000000000       0x16 ./Src/syscalls.o
 .debug_macro   0x0000000000000000       0x43 ./Src/syscalls.o
 .debug_macro   0x0000000000000000       0x34 ./Src/syscalls.o
 .debug_macro   0x0000000000000000       0x10 ./Src/syscalls.o
 .debug_macro   0x0000000000000000       0x58 ./Src/syscalls.o
 .debug_macro   0x0000000000000000       0x71 ./Src/syscalls.o
 .debug_macro   0x0000000000000000       0x1c ./Src/syscalls.o
 .debug_macro   0x0000000000000000      0x12a ./Src/syscalls.o
 .debug_macro   0x0000000000000000       0x10 ./Src/syscalls.o
 .debug_macro   0x0000000000000000       0x35 ./Src/syscalls.o
 .debug_macro   0x0000000000000000       0x10 ./Src/syscalls.o
 .debug_macro   0x0000000000000000       0x10 ./Src/syscalls.o
 .debug_macro   0x0000000000000000       0x10 ./Src/syscalls.o
 .debug_macro   0x0000000000000000       0x6a ./Src/syscalls.o
 .debug_macro   0x0000000000000000       0x1c ./Src/syscalls.o
 .debug_macro   0x0000000000000000       0x52 ./Src/syscalls.o
 .debug_macro   0x0000000000000000       0x22 ./Src/syscalls.o
 .debug_macro   0x0000000000000000       0x10 ./Src/syscalls.o
 .debug_macro   0x0000000000000000       0x52 ./Src/syscalls.o
 .debug_macro   0x0000000000000000       0xd5 ./Src/syscalls.o
 .debug_macro   0x0000000000000000       0x1c ./Src/syscalls.o
 .debug_macro   0x0000000000000000       0x3d ./Src/syscalls.o
 .debug_macro   0x0000000000000000       0x35 ./Src/syscalls.o
 .debug_macro   0x0000000000000000      0x12c ./Src/syscalls.o
 .debug_macro   0x0000000000000000       0x16 ./Src/syscalls.o
 .debug_macro   0x0000000000000000       0x16 ./Src/syscalls.o
 .debug_macro   0x0000000000000000       0x29 ./Src/syscalls.o
 .debug_macro   0x0000000000000000       0x10 ./Src/syscalls.o
 .debug_macro   0x0000000000000000      0x241 ./Src/syscalls.o
 .debug_macro   0x0000000000000000       0x1c ./Src/syscalls.o
 .debug_macro   0x0000000000000000       0x10 ./Src/syscalls.o
 .debug_macro   0x0000000000000000       0x10 ./Src/syscalls.o
 .debug_macro   0x0000000000000000       0x16 ./Src/syscalls.o
 .debug_macro   0x0000000000000000      0x145 ./Src/syscalls.o
 .debug_macro   0x0000000000000000      0x189 ./Src/syscalls.o
 .debug_macro   0x0000000000000000       0x16 ./Src/syscalls.o
 .debug_macro   0x0000000000000000       0xce ./Src/syscalls.o
 .debug_line    0x0000000000000000      0x7f9 ./Src/syscalls.o
 .debug_str     0x0000000000000000     0x8a82 ./Src/syscalls.o
 .comment       0x0000000000000000       0x51 ./Src/syscalls.o
 .debug_frame   0x0000000000000000      0x2ac ./Src/syscalls.o
 .ARM.attributes
                0x0000000000000000       0x34 ./Src/syscalls.o
 .group         0x0000000000000000        0xc ./Src/sysmem.o
 .group         0x0000000000000000        0xc ./Src/sysmem.o
 .group         0x0000000000000000        0xc ./Src/sysmem.o
 .group         0x0000000000000000        0xc ./Src/sysmem.o
 .group         0x0000000000000000        0xc ./Src/sysmem.o
 .group         0x0000000000000000        0xc ./Src/sysmem.o
 .group         0x0000000000000000        0xc ./Src/sysmem.o
 .group         0x0000000000000000        0xc ./Src/sysmem.o
 .group         0x0000000000000000        0xc ./Src/sysmem.o
 .group         0x0000000000000000        0xc ./Src/sysmem.o
 .group         0x0000000000000000        0xc ./Src/sysmem.o
 .group         0x0000000000000000        0xc ./Src/sysmem.o
 .group         0x0000000000000000        0xc ./Src/sysmem.o
 .group         0x0000000000000000        0xc ./Src/sysmem.o
 .group         0x0000000000000000        0xc ./Src/sysmem.o
 .group         0x0000000000000000        0xc ./Src/sysmem.o
 .group         0x0000000000000000        0xc ./Src/sysmem.o
 .group         0x0000000000000000        0xc ./Src/sysmem.o
 .group         0x0000000000000000        0xc ./Src/sysmem.o
 .group         0x0000000000000000        0xc ./Src/sysmem.o
 .group         0x0000000000000000        0xc ./Src/sysmem.o
 .group         0x0000000000000000        0xc ./Src/sysmem.o
 .text          0x0000000000000000        0x0 ./Src/sysmem.o
 .data          0x0000000000000000        0x0 ./Src/sysmem.o
 .bss           0x0000000000000000        0x0 ./Src/sysmem.o
 .bss.__sbrk_heap_end
                0x0000000000000000        0x4 ./Src/sysmem.o
 .text._sbrk    0x0000000000000000       0x6c ./Src/sysmem.o
 .debug_info    0x0000000000000000      0x171 ./Src/sysmem.o
 .debug_abbrev  0x0000000000000000       0xbb ./Src/sysmem.o
 .debug_aranges
                0x0000000000000000       0x20 ./Src/sysmem.o
 .debug_ranges  0x0000000000000000       0x10 ./Src/sysmem.o
 .debug_macro   0x0000000000000000       0xff ./Src/sysmem.o
 .debug_macro   0x0000000000000000      0xa84 ./Src/sysmem.o
 .debug_macro   0x0000000000000000       0x10 ./Src/sysmem.o
 .debug_macro   0x0000000000000000       0x22 ./Src/sysmem.o
 .debug_macro   0x0000000000000000       0x4c ./Src/sysmem.o
 .debug_macro   0x0000000000000000       0x1e ./Src/sysmem.o
 .debug_macro   0x0000000000000000       0x94 ./Src/sysmem.o
 .debug_macro   0x0000000000000000       0x3c ./Src/sysmem.o
 .debug_macro   0x0000000000000000       0x34 ./Src/sysmem.o
 .debug_macro   0x0000000000000000      0x174 ./Src/sysmem.o
 .debug_macro   0x0000000000000000       0x16 ./Src/sysmem.o
 .debug_macro   0x0000000000000000       0x43 ./Src/sysmem.o
 .debug_macro   0x0000000000000000       0x57 ./Src/sysmem.o
 .debug_macro   0x0000000000000000       0x34 ./Src/sysmem.o
 .debug_macro   0x0000000000000000       0x10 ./Src/sysmem.o
 .debug_macro   0x0000000000000000       0x58 ./Src/sysmem.o
 .debug_macro   0x0000000000000000       0x71 ./Src/sysmem.o
 .debug_macro   0x0000000000000000       0x1c ./Src/sysmem.o
 .debug_macro   0x0000000000000000      0x12a ./Src/sysmem.o
 .debug_macro   0x0000000000000000      0x23b ./Src/sysmem.o
 .debug_macro   0x0000000000000000      0x103 ./Src/sysmem.o
 .debug_macro   0x0000000000000000       0x6a ./Src/sysmem.o
 .debug_macro   0x0000000000000000      0x1df ./Src/sysmem.o
 .debug_line    0x0000000000000000      0x4ef ./Src/sysmem.o
 .debug_str     0x0000000000000000     0x5dbe ./Src/sysmem.o
 .comment       0x0000000000000000       0x51 ./Src/sysmem.o
 .debug_frame   0x0000000000000000       0x34 ./Src/sysmem.o
 .ARM.attributes
                0x0000000000000000       0x34 ./Src/sysmem.o
 .text          0x0000000000000000       0x14 ./Startup/startup_stm32f446retx.o
 .data          0x0000000000000000        0x0 ./Startup/startup_stm32f446retx.o
 .bss           0x0000000000000000        0x0 ./Startup/startup_stm32f446retx.o
 .text          0x0000000000000000        0x0 c:/st/stm32cubeide_1.12.0/stm32cubeide/plugins/com.st.stm32cube.ide.mcu.externaltools.gnu-tools-for-stm32.10.3-2021.10.win32_1.0.200.202301161003/tools/bin/../lib/gcc/arm-none-eabi/10.3.1/../../../../arm-none-eabi/lib/thumb/v7e-m+fp/hard\libc_nano.a(lib_a-errno.o)
 .data          0x0000000000000000        0x0 c:/st/stm32cubeide_1.12.0/stm32cubeide/plugins/com.st.stm32cube.ide.mcu.externaltools.gnu-tools-for-stm32.10.3-2021.10.win32_1.0.200.202301161003/tools/bin/../lib/gcc/arm-none-eabi/10.3.1/../../../../arm-none-eabi/lib/thumb/v7e-m+fp/hard\libc_nano.a(lib_a-errno.o)
 .bss           0x0000000000000000        0x0 c:/st/stm32cubeide_1.12.0/stm32cubeide/plugins/com.st.stm32cube.ide.mcu.externaltools.gnu-tools-for-stm32.10.3-2021.10.win32_1.0.200.202301161003/tools/bin/../lib/gcc/arm-none-eabi/10.3.1/../../../../arm-none-eabi/lib/thumb/v7e-m+fp/hard\libc_nano.a(lib_a-errno.o)
 .text.__errno  0x0000000000000000        0xc c:/st/stm32cubeide_1.12.0/stm32cubeide/plugins/com.st.stm32cube.ide.mcu.externaltools.gnu-tools-for-stm32.10.3-2021.10.win32_1.0.200.202301161003/tools/bin/../lib/gcc/arm-none-eabi/10.3.1/../../../../arm-none-eabi/lib/thumb/v7e-m+fp/hard\libc_nano.a(lib_a-errno.o)
 .debug_frame   0x0000000000000000       0x20 c:/st/stm32cubeide_1.12.0/stm32cubeide/plugins/com.st.stm32cube.ide.mcu.externaltools.gnu-tools-for-stm32.10.3-2021.10.win32_1.0.200.202301161003/tools/bin/../lib/gcc/arm-none-eabi/10.3.1/../../../../arm-none-eabi/lib/thumb/v7e-m+fp/hard\libc_nano.a(lib_a-errno.o)
 .ARM.attributes
                0x0000000000000000       0x34 c:/st/stm32cubeide_1.12.0/stm32cubeide/plugins/com.st.stm32cube.ide.mcu.externaltools.gnu-tools-for-stm32.10.3-2021.10.win32_1.0.200.202301161003/tools/bin/../lib/gcc/arm-none-eabi/10.3.1/../../../../arm-none-eabi/lib/thumb/v7e-m+fp/hard\libc_nano.a(lib_a-errno.o)
 .text          0x0000000000000000        0x0 c:/st/stm32cubeide_1.12.0/stm32cubeide/plugins/com.st.stm32cube.ide.mcu.externaltools.gnu-tools-for-stm32.10.3-2021.10.win32_1.0.200.202301161003/tools/bin/../lib/gcc/arm-none-eabi/10.3.1/../../../../arm-none-eabi/lib/thumb/v7e-m+fp/hard\libc_nano.a(lib_a-exit.o)
 .data          0x0000000000000000        0x0 c:/st/stm32cubeide_1.12.0/stm32cubeide/plugins/com.st.stm32cube.ide.mcu.externaltools.gnu-tools-for-stm32.10.3-2021.10.win32_1.0.200.202301161003/tools/bin/../lib/gcc/arm-none-eabi/10.3.1/../../../../arm-none-eabi/lib/thumb/v7e-m+fp/hard\libc_nano.a(lib_a-exit.o)
 .bss           0x0000000000000000        0x0 c:/st/stm32cubeide_1.12.0/stm32cubeide/plugins/com.st.stm32cube.ide.mcu.externaltools.gnu-tools-for-stm32.10.3-2021.10.win32_1.0.200.202301161003/tools/bin/../lib/gcc/arm-none-eabi/10.3.1/../../../../arm-none-eabi/lib/thumb/v7e-m+fp/hard\libc_nano.a(lib_a-exit.o)
 .text.exit     0x0000000000000000       0x28 c:/st/stm32cubeide_1.12.0/stm32cubeide/plugins/com.st.stm32cube.ide.mcu.externaltools.gnu-tools-for-stm32.10.3-2021.10.win32_1.0.200.202301161003/tools/bin/../lib/gcc/arm-none-eabi/10.3.1/../../../../arm-none-eabi/lib/thumb/v7e-m+fp/hard\libc_nano.a(lib_a-exit.o)
 .debug_frame   0x0000000000000000       0x28 c:/st/stm32cubeide_1.12.0/stm32cubeide/plugins/com.st.stm32cube.ide.mcu.externaltools.gnu-tools-for-stm32.10.3-2021.10.win32_1.0.200.202301161003/tools/bin/../lib/gcc/arm-none-eabi/10.3.1/../../../../arm-none-eabi/lib/thumb/v7e-m+fp/hard\libc_nano.a(lib_a-exit.o)
 .ARM.attributes
                0x0000000000000000       0x34 c:/st/stm32cubeide_1.12.0/stm32cubeide/plugins/com.st.stm32cube.ide.mcu.externaltools.gnu-tools-for-stm32.10.3-2021.10.win32_1.0.200.202301161003/tools/bin/../lib/gcc/arm-none-eabi/10.3.1/../../../../arm-none-eabi/lib/thumb/v7e-m+fp/hard\libc_nano.a(lib_a-exit.o)
 .text          0x0000000000000000        0x0 c:/st/stm32cubeide_1.12.0/stm32cubeide/plugins/com.st.stm32cube.ide.mcu.externaltools.gnu-tools-for-stm32.10.3-2021.10.win32_1.0.200.202301161003/tools/bin/../lib/gcc/arm-none-eabi/10.3.1/../../../../arm-none-eabi/lib/thumb/v7e-m+fp/hard\libc_nano.a(lib_a-impure.o)
 .data          0x0000000000000000        0x0 c:/st/stm32cubeide_1.12.0/stm32cubeide/plugins/com.st.stm32cube.ide.mcu.externaltools.gnu-tools-for-stm32.10.3-2021.10.win32_1.0.200.202301161003/tools/bin/../lib/gcc/arm-none-eabi/10.3.1/../../../../arm-none-eabi/lib/thumb/v7e-m+fp/hard\libc_nano.a(lib_a-impure.o)
 .bss           0x0000000000000000        0x0 c:/st/stm32cubeide_1.12.0/stm32cubeide/plugins/com.st.stm32cube.ide.mcu.externaltools.gnu-tools-for-stm32.10.3-2021.10.win32_1.0.200.202301161003/tools/bin/../lib/gcc/arm-none-eabi/10.3.1/../../../../arm-none-eabi/lib/thumb/v7e-m+fp/hard\libc_nano.a(lib_a-impure.o)
 .data._impure_ptr
                0x0000000000000000        0x4 c:/st/stm32cubeide_1.12.0/stm32cubeide/plugins/com.st.stm32cube.ide.mcu.externaltools.gnu-tools-for-stm32.10.3-2021.10.win32_1.0.200.202301161003/tools/bin/../lib/gcc/arm-none-eabi/10.3.1/../../../../arm-none-eabi/lib/thumb/v7e-m+fp/hard\libc_nano.a(lib_a-impure.o)
 .data.impure_data
                0x0000000000000000       0x60 c:/st/stm32cubeide_1.12.0/stm32cubeide/plugins/com.st.stm32cube.ide.mcu.externaltools.gnu-tools-for-stm32.10.3-2021.10.win32_1.0.200.202301161003/tools/bin/../lib/gcc/arm-none-eabi/10.3.1/../../../../arm-none-eabi/lib/thumb/v7e-m+fp/hard\libc_nano.a(lib_a-impure.o)
 .rodata._global_impure_ptr
                0x0000000000000000        0x4 c:/st/stm32cubeide_1.12.0/stm32cubeide/plugins/com.st.stm32cube.ide.mcu.externaltools.gnu-tools-for-stm32.10.3-2021.10.win32_1.0.200.202301161003/tools/bin/../lib/gcc/arm-none-eabi/10.3.1/../../../../arm-none-eabi/lib/thumb/v7e-m+fp/hard\libc_nano.a(lib_a-impure.o)
 .ARM.attributes
                0x0000000000000000       0x34 c:/st/stm32cubeide_1.12.0/stm32cubeide/plugins/com.st.stm32cube.ide.mcu.externaltools.gnu-tools-for-stm32.10.3-2021.10.win32_1.0.200.202301161003/tools/bin/../lib/gcc/arm-none-eabi/10.3.1/../../../../arm-none-eabi/lib/thumb/v7e-m+fp/hard\libc_nano.a(lib_a-impure.o)
 .text          0x0000000000000000        0x0 c:/st/stm32cubeide_1.12.0/stm32cubeide/plugins/com.st.stm32cube.ide.mcu.externaltools.gnu-tools-for-stm32.10.3-2021.10.win32_1.0.200.202301161003/tools/bin/../lib/gcc/arm-none-eabi/10.3.1/../../../../arm-none-eabi/lib/thumb/v7e-m+fp/hard\libc_nano.a(lib_a-init.o)
 .data          0x0000000000000000        0x0 c:/st/stm32cubeide_1.12.0/stm32cubeide/plugins/com.st.stm32cube.ide.mcu.externaltools.gnu-tools-for-stm32.10.3-2021.10.win32_1.0.200.202301161003/tools/bin/../lib/gcc/arm-none-eabi/10.3.1/../../../../arm-none-eabi/lib/thumb/v7e-m+fp/hard\libc_nano.a(lib_a-init.o)
 .bss           0x0000000000000000        0x0 c:/st/stm32cubeide_1.12.0/stm32cubeide/plugins/com.st.stm32cube.ide.mcu.externaltools.gnu-tools-for-stm32.10.3-2021.10.win32_1.0.200.202301161003/tools/bin/../lib/gcc/arm-none-eabi/10.3.1/../../../../arm-none-eabi/lib/thumb/v7e-m+fp/hard\libc_nano.a(lib_a-init.o)
 .text          0x0000000000000000        0x0 c:/st/stm32cubeide_1.12.0/stm32cubeide/plugins/com.st.stm32cube.ide.mcu.externaltools.gnu-tools-for-stm32.10.3-2021.10.win32_1.0.200.202301161003/tools/bin/../lib/gcc/arm-none-eabi/10.3.1/../../../../arm-none-eabi/lib/thumb/v7e-m+fp/hard\libc_nano.a(lib_a-memset.o)
 .data          0x0000000000000000        0x0 c:/st/stm32cubeide_1.12.0/stm32cubeide/plugins/com.st.stm32cube.ide.mcu.externaltools.gnu-tools-for-stm32.10.3-2021.10.win32_1.0.200.202301161003/tools/bin/../lib/gcc/arm-none-eabi/10.3.1/../../../../arm-none-eabi/lib/thumb/v7e-m+fp/hard\libc_nano.a(lib_a-memset.o)
 .bss           0x0000000000000000        0x0 c:/st/stm32cubeide_1.12.0/stm32cubeide/plugins/com.st.stm32cube.ide.mcu.externaltools.gnu-tools-for-stm32.10.3-2021.10.win32_1.0.200.202301161003/tools/bin/../lib/gcc/arm-none-eabi/10.3.1/../../../../arm-none-eabi/lib/thumb/v7e-m+fp/hard\libc_nano.a(lib_a-memset.o)
 .text.memset   0x0000000000000000       0x10 c:/st/stm32cubeide_1.12.0/stm32cubeide/plugins/com.st.stm32cube.ide.mcu.externaltools.gnu-tools-for-stm32.10.3-2021.10.win32_1.0.200.202301161003/tools/bin/../lib/gcc/arm-none-eabi/10.3.1/../../../../arm-none-eabi/lib/thumb/v7e-m+fp/hard\libc_nano.a(lib_a-memset.o)
 .debug_frame   0x0000000000000000       0x20 c:/st/stm32cubeide_1.12.0/stm32cubeide/plugins/com.st.stm32cube.ide.mcu.externaltools.gnu-tools-for-stm32.10.3-2021.10.win32_1.0.200.202301161003/tools/bin/../lib/gcc/arm-none-eabi/10.3.1/../../../../arm-none-eabi/lib/thumb/v7e-m+fp/hard\libc_nano.a(lib_a-memset.o)
 .ARM.attributes
                0x0000000000000000       0x34 c:/st/stm32cubeide_1.12.0/stm32cubeide/plugins/com.st.stm32cube.ide.mcu.externaltools.gnu-tools-for-stm32.10.3-2021.10.win32_1.0.200.202301161003/tools/bin/../lib/gcc/arm-none-eabi/10.3.1/../../../../arm-none-eabi/lib/thumb/v7e-m+fp/hard\libc_nano.a(lib_a-memset.o)
 .text          0x0000000000000000        0x0 c:/st/stm32cubeide_1.12.0/stm32cubeide/plugins/com.st.stm32cube.ide.mcu.externaltools.gnu-tools-for-stm32.10.3-2021.10.win32_1.0.200.202301161003/tools/bin/../lib/gcc/arm-none-eabi/10.3.1/thumb/v7e-m+fp/hard/crtend.o
 .data          0x0000000000000000        0x0 c:/st/stm32cubeide_1.12.0/stm32cubeide/plugins/com.st.stm32cube.ide.mcu.externaltools.gnu-tools-for-stm32.10.3-2021.10.win32_1.0.200.202301161003/tools/bin/../lib/gcc/arm-none-eabi/10.3.1/thumb/v7e-m+fp/hard/crtend.o
 .bss           0x0000000000000000        0x0 c:/st/stm32cubeide_1.12.0/stm32cubeide/plugins/com.st.stm32cube.ide.mcu.externaltools.gnu-tools-for-stm32.10.3-2021.10.win32_1.0.200.202301161003/tools/bin/../lib/gcc/arm-none-eabi/10.3.1/thumb/v7e-m+fp/hard/crtend.o
 .rodata        0x0000000000000000       0x24 c:/st/stm32cubeide_1.12.0/stm32cubeide/plugins/com.st.stm32cube.ide.mcu.externaltools.gnu-tools-for-stm32.10.3-2021.10.win32_1.0.200.202301161003/tools/bin/../lib/gcc/arm-none-eabi/10.3.1/thumb/v7e-m+fp/hard/crtend.o
 .eh_frame      0x0000000000000000        0x4 c:/st/stm32cubeide_1.12.0/stm32cubeide/plugins/com.st.stm32cube.ide.mcu.externaltools.gnu-tools-for-stm32.10.3-2021.10.win32_1.0.200.202301161003/tools/bin/../lib/gcc/arm-none-eabi/10.3.1/thumb/v7e-m+fp/hard/crtend.o
 .ARM.attributes
                0x0000000000000000       0x34 c:/st/stm32cubeide_1.12.0/stm32cubeide/plugins/com.st.stm32cube.ide.mcu.externaltools.gnu-tools-for-stm32.10.3-2021.10.win32_1.0.200.202301161003/tools/bin/../lib/gcc/arm-none-eabi/10.3.1/thumb/v7e-m+fp/hard/crtend.o
 .text          0x0000000000000000        0x0 c:/st/stm32cubeide_1.12.0/stm32cubeide/plugins/com.st.stm32cube.ide.mcu.externaltools.gnu-tools-for-stm32.10.3-2021.10.win32_1.0.200.202301161003/tools/bin/../lib/gcc/arm-none-eabi/10.3.1/thumb/v7e-m+fp/hard/crtn.o
 .data          0x0000000000000000        0x0 c:/st/stm32cubeide_1.12.0/stm32cubeide/plugins/com.st.stm32cube.ide.mcu.externaltools.gnu-tools-for-stm32.10.3-2021.10.win32_1.0.200.202301161003/tools/bin/../lib/gcc/arm-none-eabi/10.3.1/thumb/v7e-m+fp/hard/crtn.o
 .bss           0x0000000000000000        0x0 c:/st/stm32cubeide_1.12.0/stm32cubeide/plugins/com.st.stm32cube.ide.mcu.externaltools.gnu-tools-for-stm32.10.3-2021.10.win32_1.0.200.202301161003/tools/bin/../lib/gcc/arm-none-eabi/10.3.1/thumb/v7e-m+fp/hard/crtn.o

Memory Configuration

Name             Origin             Length             Attributes
RAM              0x0000000020000000 0x0000000000020000 xrw
FLASH            0x0000000008000000 0x0000000000080000 xr
*default*        0x0000000000000000 0xffffffffffffffff

Linker script and memory map

LOAD c:/st/stm32cubeide_1.12.0/stm32cubeide/plugins/com.st.stm32cube.ide.mcu.externaltools.gnu-tools-for-stm32.10.3-2021.10.win32_1.0.200.202301161003/tools/bin/../lib/gcc/arm-none-eabi/10.3.1/thumb/v7e-m+fp/hard/crti.o
LOAD c:/st/stm32cubeide_1.12.0/stm32cubeide/plugins/com.st.stm32cube.ide.mcu.externaltools.gnu-tools-for-stm32.10.3-2021.10.win32_1.0.200.202301161003/tools/bin/../lib/gcc/arm-none-eabi/10.3.1/thumb/v7e-m+fp/hard/crtbegin.o
LOAD c:/st/stm32cubeide_1.12.0/stm32cubeide/plugins/com.st.stm32cube.ide.mcu.externaltools.gnu-tools-for-stm32.10.3-2021.10.win32_1.0.200.202301161003/tools/bin/../lib/gcc/arm-none-eabi/10.3.1/../../../../arm-none-eabi/lib/thumb/v7e-m+fp/hard/crt0.o
LOAD ./Inc/HAL/RTC/RTC_program.o
LOAD ./Inc/MCAL/GPIO/GPIO_program.o
LOAD ./Inc/MCAL/RCC/Src/RCC_prog.o
LOAD ./Inc/MCAL/SYSTICK/src/SysTick_prog.o
LOAD ./Src/main.o
LOAD ./Src/syscalls.o
LOAD ./Src/sysmem.o
LOAD ./Startup/startup_stm32f446retx.o
START GROUP
LOAD c:/st/stm32cubeide_1.12.0/stm32cubeide/plugins/com.st.stm32cube.ide.mcu.externaltools.gnu-tools-for-stm32.10.3-2021.10.win32_1.0.200.202301161003/tools/bin/../lib/gcc/arm-none-eabi/10.3.1/../../../../arm-none-eabi/lib/thumb/v7e-m+fp/hard\libc_nano.a
LOAD c:/st/stm32cubeide_1.12.0/stm32cubeide/plugins/com.st.stm32cube.ide.mcu.externaltools.gnu-tools-for-stm32.10.3-2021.10.win32_1.0.200.202301161003/tools/bin/../lib/gcc/arm-none-eabi/10.3.1/../../../../arm-none-eabi/lib/thumb/v7e-m+fp/hard\libm.a
END GROUP
START GROUP
LOAD c:/st/stm32cubeide_1.12.0/stm32cubeide/plugins/com.st.stm32cube.ide.mcu.externaltools.gnu-tools-for-stm32.10.3-2021.10.win32_1.0.200.202301161003/tools/bin/../lib/gcc/arm-none-eabi/10.3.1/thumb/v7e-m+fp/hard\libgcc.a
LOAD c:/st/stm32cubeide_1.12.0/stm32cubeide/plugins/com.st.stm32cube.ide.mcu.externaltools.gnu-tools-for-stm32.10.3-2021.10.win32_1.0.200.202301161003/tools/bin/../lib/gcc/arm-none-eabi/10.3.1/../../../../arm-none-eabi/lib/thumb/v7e-m+fp/hard\libc_nano.a
END GROUP
START GROUP
LOAD c:/st/stm32cubeide_1.12.0/stm32cubeide/plugins/com.st.stm32cube.ide.mcu.externaltools.gnu-tools-for-stm32.10.3-2021.10.win32_1.0.200.202301161003/tools/bin/../lib/gcc/arm-none-eabi/10.3.1/thumb/v7e-m+fp/hard\libgcc.a
LOAD c:/st/stm32cubeide_1.12.0/stm32cubeide/plugins/com.st.stm32cube.ide.mcu.externaltools.gnu-tools-for-stm32.10.3-2021.10.win32_1.0.200.202301161003/tools/bin/../lib/gcc/arm-none-eabi/10.3.1/../../../../arm-none-eabi/lib/thumb/v7e-m+fp/hard\libc_nano.a
LOAD c:/st/stm32cubeide_1.12.0/stm32cubeide/plugins/com.st.stm32cube.ide.mcu.externaltools.gnu-tools-for-stm32.10.3-2021.10.win32_1.0.200.202301161003/tools/bin/../lib/gcc/arm-none-eabi/10.3.1/../../../../arm-none-eabi/lib/thumb/v7e-m+fp/hard\libnosys.a
END GROUP
START GROUP
LOAD c:/st/stm32cubeide_1.12.0/stm32cubeide/plugins/com.st.stm32cube.ide.mcu.externaltools.gnu-tools-for-stm32.10.3-2021.10.win32_1.0.200.202301161003/tools/bin/../lib/gcc/arm-none-eabi/10.3.1/thumb/v7e-m+fp/hard\libgcc.a
LOAD c:/st/stm32cubeide_1.12.0/stm32cubeide/plugins/com.st.stm32cube.ide.mcu.externaltools.gnu-tools-for-stm32.10.3-2021.10.win32_1.0.200.202301161003/tools/bin/../lib/gcc/arm-none-eabi/10.3.1/../../../../arm-none-eabi/lib/thumb/v7e-m+fp/hard\libc_nano.a
LOAD c:/st/stm32cubeide_1.12.0/stm32cubeide/plugins/com.st.stm32cube.ide.mcu.externaltools.gnu-tools-for-stm32.10.3-2021.10.win32_1.0.200.202301161003/tools/bin/../lib/gcc/arm-none-eabi/10.3.1/../../../../arm-none-eabi/lib/thumb/v7e-m+fp/hard\libnosys.a
END GROUP
LOAD c:/st/stm32cubeide_1.12.0/stm32cubeide/plugins/com.st.stm32cube.ide.mcu.externaltools.gnu-tools-for-stm32.10.3-2021.10.win32_1.0.200.202301161003/tools/bin/../lib/gcc/arm-none-eabi/10.3.1/thumb/v7e-m+fp/hard/crtend.o
LOAD c:/st/stm32cubeide_1.12.0/stm32cubeide/plugins/com.st.stm32cube.ide.mcu.externaltools.gnu-tools-for-stm32.10.3-2021.10.win32_1.0.200.202301161003/tools/bin/../lib/gcc/arm-none-eabi/10.3.1/thumb/v7e-m+fp/hard/crtn.o
                0x0000000020020000                _estack = (ORIGIN (RAM) + LENGTH (RAM))
                0x0000000000000200                _Min_Heap_Size = 0x200
                0x0000000000000400                _Min_Stack_Size = 0x400

.isr_vector     0x0000000008000000      0x1c4
                0x0000000008000000                . = ALIGN (0x4)
 *(.isr_vector)
 .isr_vector    0x0000000008000000      0x1c4 ./Startup/startup_stm32f446retx.o
                0x0000000008000000                g_pfnVectors
                0x00000000080001c4                . = ALIGN (0x4)

.text           0x00000000080001c4      0x564
                0x00000000080001c4                . = ALIGN (0x4)
 *(.text)
 .text          0x00000000080001c4       0x40 c:/st/stm32cubeide_1.12.0/stm32cubeide/plugins/com.st.stm32cube.ide.mcu.externaltools.gnu-tools-for-stm32.10.3-2021.10.win32_1.0.200.202301161003/tools/bin/../lib/gcc/arm-none-eabi/10.3.1/thumb/v7e-m+fp/hard/crtbegin.o
 *(.text*)
 .text.GPIO_u8PinInit
                0x0000000008000204      0x25c ./Inc/MCAL/GPIO/GPIO_program.o
                0x0000000008000204                GPIO_u8PinInit
 .text.GPIO_u8SetPinValue
                0x0000000008000460       0x7c ./Inc/MCAL/GPIO/GPIO_program.o
                0x0000000008000460                GPIO_u8SetPinValue
 .text.RCC_Enable_Peripheral
                0x00000000080004dc       0xe4 ./Inc/MCAL/RCC/Src/RCC_prog.o
                0x00000000080004dc                RCC_Enable_Peripheral
 .text.STK_Delay_ms
                0x00000000080005c0       0x68 ./Inc/MCAL/SYSTICK/src/SysTick_prog.o
                0x00000000080005c0                STK_Delay_ms
 .text.main     0x0000000008000628       0x4c ./Src/main.o
                0x0000000008000628                main
 .text.Reset_Handler
                0x0000000008000674       0x50 ./Startup/startup_stm32f446retx.o
                0x0000000008000674                Reset_Handler
 .text.Default_Handler
                0x00000000080006c4        0x2 ./Startup/startup_stm32f446retx.o
                0x00000000080006c4                RTC_Alarm_IRQHandler
                0x00000000080006c4                EXTI2_IRQHandler
                0x00000000080006c4                TIM8_CC_IRQHandler
                0x00000000080006c4                SPDIF_Rx_IRQHandler
                0x00000000080006c4                DebugMon_Handler
                0x00000000080006c4                SPI4_IRQHandler
                0x00000000080006c4                TIM1_CC_IRQHandler
                0x00000000080006c4                QuadSPI_IRQHandler
                0x00000000080006c4                DMA2_Stream5_IRQHandler
                0x00000000080006c4                HardFault_Handler
                0x00000000080006c4                DMA1_Stream5_IRQHandler
                0x00000000080006c4                SysTick_Handler
                0x00000000080006c4                PVD_IRQHandler
                0x00000000080006c4                SDIO_IRQHandler
                0x00000000080006c4                TAMP_STAMP_IRQHandler
                0x00000000080006c4                PendSV_Handler
                0x00000000080006c4                NMI_Handler
                0x00000000080006c4                CAN2_RX1_IRQHandler
                0x00000000080006c4                EXTI3_IRQHandler
                0x00000000080006c4                TIM8_TRG_COM_TIM14_IRQHandler
                0x00000000080006c4                TIM1_UP_TIM10_IRQHandler
                0x00000000080006c4                FMPI2C1_error_IRQHandler
                0x00000000080006c4                TIM8_UP_TIM13_IRQHandler
                0x00000000080006c4                I2C3_ER_IRQHandler
                0x00000000080006c4                EXTI0_IRQHandler
                0x00000000080006c4                I2C2_EV_IRQHandler
                0x00000000080006c4                DMA1_Stream2_IRQHandler
                0x00000000080006c4                CAN1_RX0_IRQHandler
                0x00000000080006c4                OTG_HS_WKUP_IRQHandler
                0x00000000080006c4                UsageFault_Handler
                0x00000000080006c4                CAN2_SCE_IRQHandler
                0x00000000080006c4                DMA2_Stream2_IRQHandler
                0x00000000080006c4                SPI1_IRQHandler
                0x00000000080006c4                TIM6_DAC_IRQHandler
                0x00000000080006c4                TIM1_BRK_TIM9_IRQHandler
                0x00000000080006c4                DCMI_IRQHandler
                0x00000000080006c4                CAN2_RX0_IRQHandler
                0x00000000080006c4                DMA2_Stream3_IRQHandler
                0x00000000080006c4                FMPI2C1_IRQHandler
                0x00000000080006c4                SAI2_IRQHandler
                0x00000000080006c4                USART6_IRQHandler
                0x00000000080006c4                USART3_IRQHandler
                0x00000000080006c4                CAN1_RX1_IRQHandler
                0x00000000080006c4                UART5_IRQHandler
                0x00000000080006c4                DMA2_Stream0_IRQHandler
                0x00000000080006c4                TIM4_IRQHandler
                0x00000000080006c4                I2C1_EV_IRQHandler
                0x00000000080006c4                HDMI_CEC_IRQHandler
                0x00000000080006c4                DMA1_Stream6_IRQHandler
                0x00000000080006c4                DMA1_Stream1_IRQHandler
                0x00000000080006c4                UART4_IRQHandler
                0x00000000080006c4                TIM3_IRQHandler
                0x00000000080006c4                RCC_IRQHandler
                0x00000000080006c4                TIM8_BRK_TIM12_IRQHandler
                0x00000000080006c4                Default_Handler
                0x00000000080006c4                EXTI15_10_IRQHandler
                0x00000000080006c4                ADC_IRQHandler
                0x00000000080006c4                DMA1_Stream7_IRQHandler
                0x00000000080006c4                TIM7_IRQHandler
                0x00000000080006c4                CAN2_TX_IRQHandler
                0x00000000080006c4                TIM5_IRQHandler
                0x00000000080006c4                DMA2_Stream7_IRQHandler
                0x00000000080006c4                I2C3_EV_IRQHandler
                0x00000000080006c4                EXTI9_5_IRQHandler
                0x00000000080006c4                RTC_WKUP_IRQHandler
                0x00000000080006c4                SPI2_IRQHandler
                0x00000000080006c4                OTG_HS_EP1_IN_IRQHandler
                0x00000000080006c4                MemManage_Handler
                0x00000000080006c4                DMA1_Stream0_IRQHandler
                0x00000000080006c4                CAN1_TX_IRQHandler
                0x00000000080006c4                SVC_Handler
                0x00000000080006c4                EXTI4_IRQHandler
                0x00000000080006c4                OTG_HS_EP1_OUT_IRQHandler
                0x00000000080006c4                WWDG_IRQHandler
                0x00000000080006c4                TIM2_IRQHandler
                0x00000000080006c4                OTG_FS_WKUP_IRQHandler
                0x00000000080006c4                TIM1_TRG_COM_TIM11_IRQHandler
                0x00000000080006c4                OTG_HS_IRQHandler
                0x00000000080006c4                EXTI1_IRQHandler
                0x00000000080006c4                USART2_IRQHandler
                0x00000000080006c4                I2C2_ER_IRQHandler
                0x00000000080006c4                DMA2_Stream1_IRQHandler
                0x00000000080006c4                CAN1_SCE_IRQHandler
                0x00000000080006c4                FLASH_IRQHandler
                0x00000000080006c4                DMA2_Stream4_IRQHandler
                0x00000000080006c4                BusFault_Handler
                0x00000000080006c4                USART1_IRQHandler
                0x00000000080006c4                OTG_FS_IRQHandler
                0x00000000080006c4                SPI3_IRQHandler
                0x00000000080006c4                DMA1_Stream4_IRQHandler
                0x00000000080006c4                I2C1_ER_IRQHandler
                0x00000000080006c4                FMC_IRQHandler
                0x00000000080006c4                DMA2_Stream6_IRQHandler
                0x00000000080006c4                SAI1_IRQHandler
                0x00000000080006c4                DMA1_Stream3_IRQHandler
 *fill*         0x00000000080006c6        0x2 
 .text.__libc_init_array
                0x00000000080006c8       0x48 c:/st/stm32cubeide_1.12.0/stm32cubeide/plugins/com.st.stm32cube.ide.mcu.externaltools.gnu-tools-for-stm32.10.3-2021.10.win32_1.0.200.202301161003/tools/bin/../lib/gcc/arm-none-eabi/10.3.1/../../../../arm-none-eabi/lib/thumb/v7e-m+fp/hard\libc_nano.a(lib_a-init.o)
                0x00000000080006c8                __libc_init_array
 *(.glue_7)
 .glue_7        0x0000000008000710        0x0 linker stubs
 *(.glue_7t)
 .glue_7t       0x0000000008000710        0x0 linker stubs
 *(.eh_frame)
 .eh_frame      0x0000000008000710        0x0 c:/st/stm32cubeide_1.12.0/stm32cubeide/plugins/com.st.stm32cube.ide.mcu.externaltools.gnu-tools-for-stm32.10.3-2021.10.win32_1.0.200.202301161003/tools/bin/../lib/gcc/arm-none-eabi/10.3.1/thumb/v7e-m+fp/hard/crtbegin.o
 *(.init)
 .init          0x0000000008000710        0x4 c:/st/stm32cubeide_1.12.0/stm32cubeide/plugins/com.st.stm32cube.ide.mcu.externaltools.gnu-tools-for-stm32.10.3-2021.10.win32_1.0.200.202301161003/tools/bin/../lib/gcc/arm-none-eabi/10.3.1/thumb/v7e-m+fp/hard/crti.o
                0x0000000008000710                _init
 .init          0x0000000008000714        0x8 c:/st/stm32cubeide_1.12.0/stm32cubeide/plugins/com.st.stm32cube.ide.mcu.externaltools.gnu-tools-for-stm32.10.3-2021.10.win32_1.0.200.202301161003/tools/bin/../lib/gcc/arm-none-eabi/10.3.1/thumb/v7e-m+fp/hard/crtn.o
 *(.fini)
 .fini          0x000000000800071c        0x4 c:/st/stm32cubeide_1.12.0/stm32cubeide/plugins/com.st.stm32cube.ide.mcu.externaltools.gnu-tools-for-stm32.10.3-2021.10.win32_1.0.200.202301161003/tools/bin/../lib/gcc/arm-none-eabi/10.3.1/thumb/v7e-m+fp/hard/crti.o
                0x000000000800071c                _fini
 .fini          0x0000000008000720        0x8 c:/st/stm32cubeide_1.12.0/stm32cubeide/plugins/com.st.stm32cube.ide.mcu.externaltools.gnu-tools-for-stm32.10.3-2021.10.win32_1.0.200.202301161003/tools/bin/../lib/gcc/arm-none-eabi/10.3.1/thumb/v7e-m+fp/hard/crtn.o
                0x0000000008000728                . = ALIGN (0x4)
                0x0000000008000728                _etext = .

.vfp11_veneer   0x0000000008000728        0x0
 .vfp11_veneer  0x0000000008000728        0x0 linker stubs

.v4_bx          0x0000000008000728        0x0
 .v4_bx         0x0000000008000728        0x0 linker stubs

.iplt           0x0000000008000728        0x0
 .iplt          0x0000000008000728        0x0 c:/st/stm32cubeide_1.12.0/stm32cubeide/plugins/com.st.stm32cube.ide.mcu.externaltools.gnu-tools-for-stm32.10.3-2021.10.win32_1.0.200.202301161003/tools/bin/../lib/gcc/arm-none-eabi/10.3.1/thumb/v7e-m+fp/hard/crtbegin.o

.rel.dyn        0x0000000008000728        0x0
 .rel.iplt      0x0000000008000728        0x0 c:/st/stm32cubeide_1.12.0/stm32cubeide/plugins/com.st.stm32cube.ide.mcu.externaltools.gnu-tools-for-stm32.10.3-2021.10.win32_1.0.200.202301161003/tools/bin/../lib/gcc/arm-none-eabi/10.3.1/thumb/v7e-m+fp/hard/crtbegin.o

.rodata         0x0000000008000728        0x0
                0x0000000008000728                . = ALIGN (0x4)
 *(.rodata)
 *(.rodata*)
                0x0000000008000728                . = ALIGN (0x4)

.ARM.extab      0x0000000008000728        0x0
                0x0000000008000728                . = ALIGN (0x4)
 *(.ARM.extab* .gnu.linkonce.armextab.*)
                0x0000000008000728                . = ALIGN (0x4)

.ARM            0x0000000008000728        0x0
                0x0000000008000728                . = ALIGN (0x4)
                0x0000000008000728                __exidx_start = .
 *(.ARM.exidx*)
                0x0000000008000728                __exidx_end = .
                0x0000000008000728                . = ALIGN (0x4)

.preinit_array  0x0000000008000728        0x0
                0x0000000008000728                . = ALIGN (0x4)
                0x0000000008000728                PROVIDE (__preinit_array_start = .)
 *(.preinit_array*)
                0x0000000008000728                PROVIDE (__preinit_array_end = .)
                0x0000000008000728                . = ALIGN (0x4)

.init_array     0x0000000008000728        0x4
                0x0000000008000728                . = ALIGN (0x4)
                0x0000000008000728                PROVIDE (__init_array_start = .)
 *(SORT_BY_NAME(.init_array.*))
 *(.init_array*)
 .init_array    0x0000000008000728        0x4 c:/st/stm32cubeide_1.12.0/stm32cubeide/plugins/com.st.stm32cube.ide.mcu.externaltools.gnu-tools-for-stm32.10.3-2021.10.win32_1.0.200.202301161003/tools/bin/../lib/gcc/arm-none-eabi/10.3.1/thumb/v7e-m+fp/hard/crtbegin.o
                0x000000000800072c                PROVIDE (__init_array_end = .)
                0x000000000800072c                . = ALIGN (0x4)

.fini_array     0x000000000800072c        0x4
                0x000000000800072c                . = ALIGN (0x4)
                [!provide]                        PROVIDE (__fini_array_start = .)
 *(SORT_BY_NAME(.fini_array.*))
 *(.fini_array*)
 .fini_array    0x000000000800072c        0x4 c:/st/stm32cubeide_1.12.0/stm32cubeide/plugins/com.st.stm32cube.ide.mcu.externaltools.gnu-tools-for-stm32.10.3-2021.10.win32_1.0.200.202301161003/tools/bin/../lib/gcc/arm-none-eabi/10.3.1/thumb/v7e-m+fp/hard/crtbegin.o
                [!provide]                        PROVIDE (__fini_array_end = .)
                0x0000000008000730                . = ALIGN (0x4)
                0x0000000008000730                _sidata = LOADADDR (.data)

.data           0x0000000020000000       0x20 load address 0x0000000008000730
                0x0000000020000000                . = ALIGN (0x4)
                0x0000000020000000                _sdata = .
 *(.data)
 *(.data*)
 .data.GPIOPort
                0x0000000020000000       0x20 ./Inc/MCAL/GPIO/GPIO_program.o
 *(.RamFunc)
 *(.RamFunc*)
                0x0000000020000020                . = ALIGN (0x4)
                0x0000000020000020                _edata = .

.igot.plt       0x0000000020000020        0x0 load address 0x0000000008000750
 .igot.plt      0x0000000020000020        0x0 c:/st/stm32cubeide_1.12.0/stm32cubeide/plugins/com.st.stm32cube.ide.mcu.externaltools.gnu-tools-for-stm32.10.3-2021.10.win32_1.0.200.202301161003/tools/bin/../lib/gcc/arm-none-eabi/10.3.1/thumb/v7e-m+fp/hard/crtbegin.o
                0x0000000020000020                . = ALIGN (0x4)

.bss            0x0000000020000020       0x1c load address 0x0000000008000750
                0x0000000020000020                _sbss = .
                0x0000000020000020                __bss_start__ = _sbss
 *(.bss)
 .bss           0x0000000020000020       0x1c c:/st/stm32cubeide_1.12.0/stm32cubeide/plugins/com.st.stm32cube.ide.mcu.externaltools.gnu-tools-for-stm32.10.3-2021.10.win32_1.0.200.202301161003/tools/bin/../lib/gcc/arm-none-eabi/10.3.1/thumb/v7e-m+fp/hard/crtbegin.o
 *(.bss*)
 *(COMMON)
                0x000000002000003c                . = ALIGN (0x4)
                0x000000002000003c                _ebss = .
                0x000000002000003c                __bss_end__ = _ebss

._user_heap_stack
                0x000000002000003c      0x604 load address 0x0000000008000750
                0x0000000020000040                . = ALIGN (0x8)
 *fill*         0x000000002000003c        0x4 
                [!provide]                        PROVIDE (end = .)
                0x0000000020000040                PROVIDE (_end = .)
                0x0000000020000240                . = (. + _Min_Heap_Size)
 *fill*         0x0000000020000040      0x200 
                0x0000000020000640                . = (. + _Min_Stack_Size)
 *fill*         0x0000000020000240      0x400 
                0x0000000020000640                . = ALIGN (0x8)

/DISCARD/
 libc.a(*)
 libm.a(*)
 libgcc.a(*)

.ARM.attributes
                0x0000000000000000       0x30
 *(.ARM.attributes)
 .ARM.attributes
                0x0000000000000000       0x1e c:/st/stm32cubeide_1.12.0/stm32cubeide/plugins/com.st.stm32cube.ide.mcu.externaltools.gnu-tools-for-stm32.10.3-2021.10.win32_1.0.200.202301161003/tools/bin/../lib/gcc/arm-none-eabi/10.3.1/thumb/v7e-m+fp/hard/crti.o
 .ARM.attributes
                0x000000000000001e       0x34 c:/st/stm32cubeide_1.12.0/stm32cubeide/plugins/com.st.stm32cube.ide.mcu.externaltools.gnu-tools-for-stm32.10.3-2021.10.win32_1.0.200.202301161003/tools/bin/../lib/gcc/arm-none-eabi/10.3.1/thumb/v7e-m+fp/hard/crtbegin.o
 .ARM.attributes
                0x0000000000000052       0x34 ./Inc/MCAL/GPIO/GPIO_program.o
 .ARM.attributes
                0x0000000000000086       0x34 ./Inc/MCAL/RCC/Src/RCC_prog.o
 .ARM.attributes
                0x00000000000000ba       0x34 ./Inc/MCAL/SYSTICK/src/SysTick_prog.o
 .ARM.attributes
                0x00000000000000ee       0x34 ./Src/main.o
 .ARM.attributes
                0x0000000000000122       0x21 ./Startup/startup_stm32f446retx.o
 .ARM.attributes
                0x0000000000000143       0x34 c:/st/stm32cubeide_1.12.0/stm32cubeide/plugins/com.st.stm32cube.ide.mcu.externaltools.gnu-tools-for-stm32.10.3-2021.10.win32_1.0.200.202301161003/tools/bin/../lib/gcc/arm-none-eabi/10.3.1/../../../../arm-none-eabi/lib/thumb/v7e-m+fp/hard\libc_nano.a(lib_a-init.o)
 .ARM.attributes
                0x0000000000000177       0x1e c:/st/stm32cubeide_1.12.0/stm32cubeide/plugins/com.st.stm32cube.ide.mcu.externaltools.gnu-tools-for-stm32.10.3-2021.10.win32_1.0.200.202301161003/tools/bin/../lib/gcc/arm-none-eabi/10.3.1/thumb/v7e-m+fp/hard/crtn.o
OUTPUT(Nucleo_F446RE.elf elf32-littlearm)
LOAD linker stubs
LOAD c:/st/stm32cubeide_1.12.0/stm32cubeide/plugins/com.st.stm32cube.ide.mcu.externaltools.gnu-tools-for-stm32.10.3-2021.10.win32_1.0.200.202301161003/tools/bin/../lib/gcc/arm-none-eabi/10.3.1/../../../../arm-none-eabi/lib/thumb/v7e-m+fp/hard\libc.a
LOAD c:/st/stm32cubeide_1.12.0/stm32cubeide/plugins/com.st.stm32cube.ide.mcu.externaltools.gnu-tools-for-stm32.10.3-2021.10.win32_1.0.200.202301161003/tools/bin/../lib/gcc/arm-none-eabi/10.3.1/../../../../arm-none-eabi/lib/thumb/v7e-m+fp/hard\libm.a
LOAD c:/st/stm32cubeide_1.12.0/stm32cubeide/plugins/com.st.stm32cube.ide.mcu.externaltools.gnu-tools-for-stm32.10.3-2021.10.win32_1.0.200.202301161003/tools/bin/../lib/gcc/arm-none-eabi/10.3.1/thumb/v7e-m+fp/hard\libgcc.a

.debug_info     0x0000000000000000     0x1424
 .debug_info    0x0000000000000000      0x570 ./Inc/MCAL/GPIO/GPIO_program.o
 .debug_info    0x0000000000000570      0x900 ./Inc/MCAL/RCC/Src/RCC_prog.o
 .debug_info    0x0000000000000e70      0x1d5 ./Inc/MCAL/SYSTICK/src/SysTick_prog.o
 .debug_info    0x0000000000001045      0x3bd ./Src/main.o
 .debug_info    0x0000000000001402       0x22 ./Startup/startup_stm32f446retx.o

.debug_abbrev   0x0000000000000000      0x4f8
 .debug_abbrev  0x0000000000000000      0x104 ./Inc/MCAL/GPIO/GPIO_program.o
 .debug_abbrev  0x0000000000000104      0x1b1 ./Inc/MCAL/RCC/Src/RCC_prog.o
 .debug_abbrev  0x00000000000002b5      0x108 ./Inc/MCAL/SYSTICK/src/SysTick_prog.o
 .debug_abbrev  0x00000000000003bd      0x129 ./Src/main.o
 .debug_abbrev  0x00000000000004e6       0x12 ./Startup/startup_stm32f446retx.o

.debug_aranges  0x0000000000000000      0x110
 .debug_aranges
                0x0000000000000000       0x38 ./Inc/MCAL/GPIO/GPIO_program.o
 .debug_aranges
                0x0000000000000038       0x60 ./Inc/MCAL/RCC/Src/RCC_prog.o
 .debug_aranges
                0x0000000000000098       0x30 ./Inc/MCAL/SYSTICK/src/SysTick_prog.o
 .debug_aranges
                0x00000000000000c8       0x20 ./Src/main.o
 .debug_aranges
                0x00000000000000e8       0x28 ./Startup/startup_stm32f446retx.o

.debug_ranges   0x0000000000000000       0xc8
 .debug_ranges  0x0000000000000000       0x28 ./Inc/MCAL/GPIO/GPIO_program.o
 .debug_ranges  0x0000000000000028       0x50 ./Inc/MCAL/RCC/Src/RCC_prog.o
 .debug_ranges  0x0000000000000078       0x20 ./Inc/MCAL/SYSTICK/src/SysTick_prog.o
 .debug_ranges  0x0000000000000098       0x10 ./Src/main.o
 .debug_ranges  0x00000000000000a8       0x20 ./Startup/startup_stm32f446retx.o

.debug_macro    0x0000000000000000     0x1564
 .debug_macro   0x0000000000000000      0x1f9 ./Inc/MCAL/GPIO/GPIO_program.o
 .debug_macro   0x00000000000001f9       0x4c ./Inc/MCAL/GPIO/GPIO_program.o
 .debug_macro   0x0000000000000245       0x1e ./Inc/MCAL/GPIO/GPIO_program.o
 .debug_macro   0x0000000000000263       0x94 ./Inc/MCAL/GPIO/GPIO_program.o
 .debug_macro   0x00000000000002f7       0x3c ./Inc/MCAL/GPIO/GPIO_program.o
 .debug_macro   0x0000000000000333       0x34 ./Inc/MCAL/GPIO/GPIO_program.o
 .debug_macro   0x0000000000000367       0x16 ./Inc/MCAL/GPIO/GPIO_program.o
 .debug_macro   0x000000000000037d       0x57 ./Inc/MCAL/GPIO/GPIO_program.o
 .debug_macro   0x00000000000003d4       0x97 ./Inc/MCAL/GPIO/GPIO_program.o
 .debug_macro   0x000000000000046b      0x341 ./Inc/MCAL/GPIO/GPIO_program.o
 .debug_macro   0x00000000000007ac       0xfd ./Inc/MCAL/GPIO/GPIO_program.o
 .debug_macro   0x00000000000008a9       0x10 ./Inc/MCAL/GPIO/GPIO_program.o
 .debug_macro   0x00000000000008b9       0x16 ./Inc/MCAL/GPIO/GPIO_program.o
 .debug_macro   0x00000000000008cf       0x43 ./Inc/MCAL/GPIO/GPIO_program.o
 .debug_macro   0x0000000000000912       0x34 ./Inc/MCAL/GPIO/GPIO_program.o
 .debug_macro   0x0000000000000946       0x10 ./Inc/MCAL/GPIO/GPIO_program.o
 .debug_macro   0x0000000000000956       0x58 ./Inc/MCAL/GPIO/GPIO_program.o
 .debug_macro   0x00000000000009ae       0x71 ./Inc/MCAL/GPIO/GPIO_program.o
 .debug_macro   0x0000000000000a1f       0x1c ./Inc/MCAL/GPIO/GPIO_program.o
 .debug_macro   0x0000000000000a3b      0x12a ./Inc/MCAL/GPIO/GPIO_program.o
 .debug_macro   0x0000000000000b65       0x10 ./Inc/MCAL/GPIO/GPIO_program.o
 .debug_macro   0x0000000000000b75       0x1c ./Inc/MCAL/GPIO/GPIO_program.o
 .debug_macro   0x0000000000000b91       0x52 ./Inc/MCAL/GPIO/GPIO_program.o
 .debug_macro   0x0000000000000be3       0x22 ./Inc/MCAL/GPIO/GPIO_program.o
 .debug_macro   0x0000000000000c05       0x10 ./Inc/MCAL/GPIO/GPIO_program.o
 .debug_macro   0x0000000000000c15       0x52 ./Inc/MCAL/GPIO/GPIO_program.o
 .debug_macro   0x0000000000000c67       0xd5 ./Inc/MCAL/GPIO/GPIO_program.o
 .debug_macro   0x0000000000000d3c       0x1c ./Inc/MCAL/GPIO/GPIO_program.o
 .debug_macro   0x0000000000000d58       0x3d ./Inc/MCAL/GPIO/GPIO_program.o
 .debug_macro   0x0000000000000d95       0x16 ./Inc/MCAL/GPIO/GPIO_program.o
 .debug_macro   0x0000000000000dab      0x145 ./Inc/MCAL/GPIO/GPIO_program.o
 .debug_macro   0x0000000000000ef0      0x167 ./Inc/MCAL/GPIO/GPIO_program.o
 .debug_macro   0x0000000000001057       0xe8 ./Inc/MCAL/GPIO/GPIO_program.o
 .debug_macro   0x000000000000113f       0x22 ./Inc/MCAL/GPIO/GPIO_program.o
 .debug_macro   0x0000000000001161       0x58 ./Inc/MCAL/GPIO/GPIO_program.o
 .debug_macro   0x00000000000011b9       0x91 ./Inc/MCAL/RCC/Src/RCC_prog.o
 .debug_macro   0x000000000000124a      0x167 ./Inc/MCAL/RCC/Src/RCC_prog.o
 .debug_macro   0x00000000000013b1       0x22 ./Inc/MCAL/RCC/Src/RCC_prog.o
 .debug_macro   0x00000000000013d3       0x76 ./Inc/MCAL/RCC/Src/RCC_prog.o
 .debug_macro   0x0000000000001449       0x92 ./Inc/MCAL/SYSTICK/src/SysTick_prog.o
 .debug_macro   0x00000000000014db       0x89 ./Src/main.o

.debug_line     0x0000000000000000     0x18eb
 .debug_line    0x0000000000000000      0x838 ./Inc/MCAL/GPIO/GPIO_program.o
 .debug_line    0x0000000000000838      0x74b ./Inc/MCAL/RCC/Src/RCC_prog.o
 .debug_line    0x0000000000000f83      0x4c4 ./Inc/MCAL/SYSTICK/src/SysTick_prog.o
 .debug_line    0x0000000000001447      0x420 ./Src/main.o
 .debug_line    0x0000000000001867       0x84 ./Startup/startup_stm32f446retx.o

.debug_str      0x0000000000000000     0x9720
 .debug_str     0x0000000000000000     0x8972 ./Inc/MCAL/GPIO/GPIO_program.o
                                       0x8b6f (size before relaxing)
 .debug_str     0x0000000000008972      0xc84 ./Inc/MCAL/RCC/Src/RCC_prog.o
                                       0x532c (size before relaxing)
 .debug_str     0x00000000000095f6       0xdf ./Inc/MCAL/SYSTICK/src/SysTick_prog.o
                                       0x4846 (size before relaxing)
 .debug_str     0x00000000000096d5       0x1a ./Src/main.o
                                       0x4342 (size before relaxing)
 .debug_str     0x00000000000096ef       0x31 ./Startup/startup_stm32f446retx.o
                                         0x55 (size before relaxing)

.comment        0x0000000000000000       0x50
 .comment       0x0000000000000000       0x50 ./Inc/MCAL/GPIO/GPIO_program.o
                                         0x51 (size before relaxing)
 .comment       0x0000000000000050       0x51 ./Inc/MCAL/RCC/Src/RCC_prog.o
 .comment       0x0000000000000050       0x51 ./Inc/MCAL/SYSTICK/src/SysTick_prog.o
 .comment       0x0000000000000050       0x51 ./Src/main.o

.debug_frame    0x0000000000000000      0x2fc
 .debug_frame   0x0000000000000000       0xb0 ./Inc/MCAL/GPIO/GPIO_program.o
 .debug_frame   0x00000000000000b0      0x16c ./Inc/MCAL/RCC/Src/RCC_prog.o
 .debug_frame   0x000000000000021c       0x84 ./Inc/MCAL/SYSTICK/src/SysTick_prog.o
 .debug_frame   0x00000000000002a0       0x30 ./Src/main.o
 .debug_frame   0x00000000000002d0       0x2c c:/st/stm32cubeide_1.12.0/stm32cubeide/plugins/com.st.stm32cube.ide.mcu.externaltools.gnu-tools-for-stm32.10.3-2021.10.win32_1.0.200.202301161003/tools/bin/../lib/gcc/arm-none-eabi/10.3.1/../../../../arm-none-eabi/lib/thumb/v7e-m+fp/hard\libc_nano.a(lib_a-init.o)
